# Select the ROWS of a MATRIX (not a data.frame!!!!) contingent on the values of one of the columns:
# From http://stackoverflow.com/a/5391697/4089351

m[m[,3] == 11,   ,drop=F]

with 3 being the column number we want to establish the condition on. Drop = F is critical to avoid single rows becoming vectors.

----------------------------------------------------------------------------------------------------------------------------

Finding the value in a column of a matrix dependent on the maximum (or minimum) in another column. The example comes from a MLE
illustration:

p = seq(0, 1, 0.001)
L = p^3 * (1 - p)^2
d = cbind(p,L)
d[which.max(d[,2]), 1]

-----------------------------------------------------------------------------------------------------------------------------
How do you subset with Boolean operators (without using subset()) the columns of a matrix?

> m = matrix(c("A", "B", "B", "B", "C", "A", "C", "C", "D"), nrow = 3)
> m
     [,1] [,2] [,3]
[1,] "A"  "B"  "C" 
[2,] "B"  "C"  "C" 
[3,] "B"  "A"  "D" 

m[, colSums(m == "D") > 0, drop=FALSE]

or

m[,apply(m, MARGIN = 2, function(x) any(x == "D")), drop = FALSE]

-----------------------------------------------------------------------------------------------------------------------------

head(mtcars)
                   mpg cyl disp  hp drat    wt  qsec vs am gear carb
Mazda RX4         21.0   6  160 110 3.90 2.620 16.46  0  1    4    4
Mazda RX4 Wag     21.0   6  160 110 3.90 2.875 17.02  0  1    4    4

-----------------------------------------------------------------------------------------------------------------------------

# SUBSET COMMAND:
-----------------

subset(mtcars, mpg>18 & mpg<28)

                   mpg cyl  disp  hp drat    wt  qsec vs am gear carb
Mazda RX4         21.0   6 160.0 110 3.90 2.620 16.46  0  1    4    4
Mazda RX4 Wag     21.0   6 160.0 110 3.90 2.875 17.02  0  1    4    4
...

subset(mtcars, mpg>18 & mpg<28 & cyl==6)

                mpg cyl  disp  hp drat    wt  qsec vs am gear carb
Mazda RX4      21.0   6 160.0 110 3.90 2.620 16.46  0  1    4    4
Mazda RX4 Wag  21.0   6 160.0 110 3.90 2.875 17.02  0  1    4    4
Hornet 4 Drive 21.4   6 258.0 110 3.08 3.215 19.44  1  0    3    1
...


#SELECTING A COLUMN:
--------------------

YES:

> mtcars[ ,"mpg"]           # Notice the comma in front of "mpg" - it selects all rows. The spaces make no difference.

 [1] 21.0 21.0 22.8 21.4 18.7 18.1 14.3 24.4 22.8 19.2 17.8 16.4
[13] 17.3 15.2 10.4 10.4 14.7 32.4 30.4 33.9 21.5 15.5 15.2 13.3
[25] 19.2 27.3 26.0 30.4 15.8 19.7 15.0 21.4

NO:

> mtcars[mtcars$mpg]        # It would, however, work well by just typing mtcars$mpg - no brackets.

Error in `[.data.frame`(mtcars, mtcars$mpg) : undefined columns selected
> mtcars[,mtcars$mpg]
Error in `[.data.frame`(mtcars, , mtcars$mpg) : 
  undefined columns selected
> mtcars[,mpg]
Error in `[.data.frame`(mtcars, , mpg) : object 'mpg' not found

-----------------------------------------------------------------------------------------------------------------------------

#SELECTING TWO COLUMNS:
-----------------------

YES:

> mtcars[ ,c("mpg","cyl")]        # And it won't work with a semicolon, instead of a comma, or any other separation.
                     mpg cyl
Mazda RX4           21.0   6
Mazda RX4 Wag       21.0   6
Datsun 710          22.8   4
Hornet 4 Drive      21.4   6

NO:

> mtcars[,"mpg""cyl"]
Error: unexpected string constant in "mtcars[,"mpg""cyl""

> mtcars[,"mpg"+"cyl"]
Error in "mpg" + "cyl" : non-numeric argument to binary operator

> mtcars[,"mpg"][,"cyl"]
Error in mtcars[, "mpg"][, "cyl"] : incorrect number of dimensions

> mtcars[,"mpg + cyl"]
Error in `[.data.frame`(mtcars, , "mpg + cyl") : 
  undefined columns selected
  
> mtcars[,"mpg cyl"]
Error in `[.data.frame`(mtcars, , "mpg cyl") : undefined columns selected

> mtcars[,"mpg";"cyl"]
Error: unexpected ';' in "mtcars[,"mpg";"

-----------------------------------------------------------------------------------------------------------------------------

#SELECT THE VALUES OF TWO COLUMNS FOR A PARTICULAR ROW:
------------------------------------------------------

YES:

> mtcars["Mazda RX4", c("mpg","cyl")]     # Name of the row BEFORE the comma; name of the column/-s AFTER.

          mpg cyl
Mazda RX4  21   6


-----------------------------------------------------------------------------------------------------------------------------


#RETURN ONLY THE VALUES OF A COLUMN CONDITIONAL ON THE VALUES ON A DIFFERENT COLUMN:
-----------------------------------------------------------------------------------

# Select the values of a column corresponding to specific values in a separate column: 
# We want the miles per gallon of 6 cylinder cars
# The thing to realize is that "values on a column" = "rows that meet certain criteria", i.e. before the comma!

# USING THE $ SIGN BEFORE THE []:

YES

mtcars$mpg[mtcars$cyl==6]     #!!!! Won't work if the "==" part is abbreviated like mtcars$mpg["cyl"==6]

data
[1] 21.0 21.0 21.4 18.1 19.2 17.8 19.7


NOT USING THE $ SIGN BEFORE []:

YES

mtcars[mtcars$cyl=="6", "mpg"]       # Again, it won't work as mtcars["cyl"==6, "mpg"]. 

[1] 21.0 21.0 21.4 18.1 19.2 17.8 19.7

# and...

YES:

For numerical variables, no need for " ":

mtcars[mtcars$cyl==6, "mpg"]

[1] 21.0 21.0 21.4 18.1 19.2 17.8 19.7


NO:

mtcars[mtcars$cyl==6, mtcars$mpg]     # Extremely counterintuitive!!!!!

Error in `[.data.frame`(mtcars, mtcars$cyl == 6, mtcars$mpg) : 
  undefined columns selected

NO: 

mtcars["cyl"==6,"mpg"]              # Without the $ sign in front of the == doesn't seem to work.

numeric(0)

# Even after attaching...

NO:

attach(mtcars)
mtcars["cyl"==6,"mpg"]

numeric(0)

NO:

mtcars["cyl"==6,mpg]
Error in `[.data.frame`(mtcars, "cyl" == 6, mpg) : 
  undefined columns selected
  

-----------------------------------------------------------------------------------------------------------------------------


#RETURN ONLY THE VALUES OF ALL COLUMNS CONDITIONAL ON THE VALUES ON A SPECIFIC COLUMN:
--------------------------------------------------------------------------------------

mtcars[mtcars$cyl < 8, ]


require(lme4)
head(sleepstudy)
sleepstudy[sleepstudy$Days==0:3 & sleepstudy$Subject %in% c(351, 369, 371), ]

-----------------------------------------------------------------------------------------------------------------------------

======================================================================================
#RETURN SEVERAL COLUMNS OF A DATAFRAME CONDITIONAL ON THE VALUES ON A SPECIFIC COLUMN:
======================================================================================

mtcars[mtcars$cyl==4 & mtcars$gear==4, c("hp","wt")]

                hp    wt
Datsun 710      93 2.320
Merc 240D       62 3.190
Merc 230        95 3.150
Fiat 128        66 2.200
Honda Civic     52 1.615
Toyota Corolla  65 1.835
Fiat X1-9       66 1.935
Volvo 142E     109 2.780

-----------------------------------------------------------------------------------------------------------------------------


#DEALING WITH NA'S AFTER SUBSETTING:
-----------------------------------

mtcars$mpg[1] <- NA
mtcars[mtcars$cyl==6,]

                mpg cyl  disp  hp drat    wt  qsec vs am gear carb
Mazda RX4        NA   6 160.0 110 3.90 2.620 16.46  0  1    4    4
Mazda RX4 Wag  21.0   6 160.0 110 3.90 2.875 17.02  0  1    4    4
Hornet 4 Drive 21.4   6 258.0 110 3.08 3.215 19.44  1  0    3    1

mtcars[mtcars$cyl==6,"mpg"]
[1]   NA 21.0 21.4 18.1 19.2 17.8 19.7

mean(mtcars[mtcars$cyl==6,"mpg"])
[1] NA

mean(mtcars[mtcars$cyl==6,"mpg"],na.rm=T)
[1] 19.53333


# RETURN THE VALUES OF ALL COLUMNS CONDITIONAL ON MULTIPLE SELECTION CRITERIA:
-----------------------------------------------------------------------------------------------------------------------------

mtcars[mtcars$cyl==6 & mtcars$wt==2.875, ]

              mpg cyl disp  hp drat    wt  qsec vs am gear carb
Mazda RX4 Wag  21   6  160 110  3.9 2.875 17.02  0  1    4    4

# ... and to find out which row fulfills these criteria:

which(mtcars$cyl==6 & mtcars$wt==2.875)

[1] 2

-----------------------------------------------------------------------------------------------------------------------------

# ELIMINATE ENTIRE COLUMNS IN A MATRIX IF THERE ARE ANY ELEMENTS BELOW, EQUAL OR GREATER THAN A THRESHOLD:

library(partitions)

a <- compositions(9, 2)               # This returns a MATRIX with all the permutations of 2 integers adding up to 9.

[1,] 9 8 7 6 5 4 3 2 1 0
[2,] 0 1 2 3 4 5 6 7 8 9

# Since we are simulating the toss of two dice, we want to eliminate columns with zeros or with results > 6:

a[,which(!apply(a, 2, function(x){any(x > 6) + any(x == 0)}))]

     [,1] [,2] [,3] [,4]
[1,]    6    5    4    3
[2,]    3    4    5    6

===============================================================================================================================

# What if we don't have a clue about which column or row to look for a specific threshold or mathematical equivalence to
# make our selection of rows or columns:

# Let's call mtcars something less unwieldy:

M <- mtcars

                   mpg cyl disp  hp drat    wt  qsec vs am gear carb
Mazda RX4         21.0   6  160 110 3.90 2.620 16.46  0  1    4    4
Mazda RX4 Wag     21.0   6  160 110 3.90 2.875 17.02  0  1    4    4
Datsun 710        22.8   4  108  93 3.85 2.320 18.61  1  1    4    1
Hornet 4 Drive    21.4   6  258 110 3.08 3.215 19.44  1  0    3    1
Hornet Sportabout 18.7   8  360 175 3.15 3.440 17.02  0  0    3    2
...

# Now let's say that we don't want any columns with any values equal to zero:

M[                 , which(!apply(M, 2, function(x) any(x == 0)))]

                     mpg cyl  disp  hp drat    wt  qsec gear carb
Mazda RX4           21.0   6 160.0 110 3.90 2.620 16.46    4    4
Mazda RX4 Wag       21.0   6 160.0 110 3.90 2.875 17.02    4    4
Datsun 710          22.8   4 108.0  93 3.85 2.320 18.61    4    1
Hornet 4 Drive      21.4   6 258.0 110 3.08 3.215 19.44    3    1
Hornet Sportabout   18.7   8 360.0 175 3.15 3.440 17.02    3    2

# Column vs is now gone. The same can be accomplished with:

M[                 , which(apply(M, 2, function(x) all(x > 0)))]

                     mpg cyl  disp  hp drat    wt  qsec gear carb
Mazda RX4           21.0   6 160.0 110 3.90 2.620 16.46    4    4
Mazda RX4 Wag       21.0   6 160.0 110 3.90 2.875 17.02    4    4
Datsun 710          22.8   4 108.0  93 3.85 2.320 18.61    4    1
Hornet 4 Drive      21.4   6 258.0 110 3.08 3.215 19.44    3    1

# Let's try with two criteria:

 M[                 , which(apply(M, 2, function(x) all(x > 0 & x < 350)))]
 
                     mpg cyl  hp drat    wt  qsec gear carb
Mazda RX4           21.0   6 110 3.90 2.620 16.46    4    4
Mazda RX4 Wag       21.0   6 110 3.90 2.875 17.02    4    4
Datsun 710          22.8   4  93 3.85 2.320 18.61    4    1
Hornet 4 Drive      21.4   6 110 3.08 3.215 19.44    3    1
Hornet Sportabout   18.7   8 175 3.15 3.440 17.02    3    2

# Disp column had values > 350, so now it's gone.

# Same results with:

 M[                 , which(apply(M, 2, function(x) all(x > 0) & all(x < 350)))]
 
 # And for row selection:
 
 M[which(apply(M, 1, function(x) all(x < 100))),           ]
 
                mpg cyl disp hp drat    wt  qsec vs am gear carb
Fiat 128       32.4   4 78.7 66 4.08 2.200 19.47  1  1    4    1
Honda Civic    30.4   4 75.7 52 4.93 1.615 18.52  1  1    4    2
Toyota Corolla 33.9   4 71.1 65 4.22 1.835 19.90  1  1    4    1
Fiat X1-9      27.3   4 79.0 66 4.08 1.935 18.90  1  1    4    1
